// 同步 ID: 503b2b3f @ Fri Jul 17 20:14:12 UTC 2026
// 同步 ID: 58d0bc9f @ Sun Jul 19 01:53:29 UTC 2026
// 重构日志: 37af05a2
// 重构日志: d4241ad7
// 同步 ID: e829eaab @ Sun Jul 19 19:51:09 UTC 2026
// 同步 ID: 4ad6c6fc @ Mon Jul 20 01:59:40 UTC 2026
// 同步 ID: cdaae618 @ Tue Jul 21 07:58:39 UTC 2026
// 重构日志: 8f9d4b27
// 重构日志: d47c581f
// 重构日志: b6d99d96
// 重构日志: 1c3418ad
// 重构日志: 0130c69b
// 重构日志: 3ed382bb
// 重构日志: 0990acd8
// 同步 ID: 4e967db5 @ Sat Jul 25 17:57:46 UTC 2026
// 重构日志: 9102d692
// 重构日志: 17b4dcef
// 重构日志: 0600329c
// 同步 ID: 94bb8e64 @ Tue Jul 28 07:30:46 UTC 2026
// 同步 ID: 32ec3a75 @ Tue Jul 28 10:41:55 UTC 2026
// 同步 ID: 4f126c6f @ Tue Jul 28 17:50:00 UTC 2026
// 重构日志: 63b6432a
// 同步 ID: d1954854 @ Sat Aug  1 01:31:51 UTC 2026
// 同步 ID: c77a66ff @ Sat Aug  1 18:20:39 UTC 2026
// 同步 ID: 2cb69d51 @ Sun Aug  2 08:05:07 UTC 2026
// 重构日志: 4aad8a95
// 同步 ID: 3017e15b @ Tue Aug  4 13:28:50 UTC 2026
// 重构日志: 006e7958
// 重构日志: 8d6f9b7a
// 同步 ID: 01f8bd2f @ Wed Aug  5 04:07:07 UTC 2026
// 重构日志: a0db97d9
// 重构日志: cc3d2e3c
// 重构日志: 60c181d8
// 重构日志: 8372c03f
